Archive member included to satisfy reference by file (symbol)

C:/ST/STM32CubeIDE_1.16.1/STM32CubeIDE/plugins/com.st.stm32cube.ide.mcu.externaltools.gnu-tools-for-stm32.12.3.rel1.win32_1.0.200.202406191623/tools/bin/../lib/gcc/arm-none-eabi/12.3.1/../../../../arm-none-eabi/lib/thumb/v7e-m+fp/hard\libc_nano.a(libc_a-exit.o)
                              C:/ST/STM32CubeIDE_1.16.1/STM32CubeIDE/plugins/com.st.stm32cube.ide.mcu.externaltools.gnu-tools-for-stm32.12.3.rel1.win32_1.0.200.202406191623/tools/bin/../lib/gcc/arm-none-eabi/12.3.1/../../../../arm-none-eabi/lib/thumb/v7e-m+fp/hard/crt0.o (exit)
C:/ST/STM32CubeIDE_1.16.1/STM32CubeIDE/plugins/com.st.stm32cube.ide.mcu.externaltools.gnu-tools-for-stm32.12.3.rel1.win32_1.0.200.202406191623/tools/bin/../lib/gcc/arm-none-eabi/12.3.1/../../../../arm-none-eabi/lib/thumb/v7e-m+fp/hard\libc_nano.a(libc_a-findfp.o)
                              C:/ST/STM32CubeIDE_1.16.1/STM32CubeIDE/plugins/com.st.stm32cube.ide.mcu.externaltools.gnu-tools-for-stm32.12.3.rel1.win32_1.0.200.202406191623/tools/bin/../lib/gcc/arm-none-eabi/12.3.1/../../../../arm-none-eabi/lib/thumb/v7e-m+fp/hard\libc_nano.a(libc_a-exit.o) (__stdio_exit_handler)
C:/ST/STM32CubeIDE_1.16.1/STM32CubeIDE/plugins/com.st.stm32cube.ide.mcu.externaltools.gnu-tools-for-stm32.12.3.rel1.win32_1.0.200.202406191623/tools/bin/../lib/gcc/arm-none-eabi/12.3.1/../../../../arm-none-eabi/lib/thumb/v7e-m+fp/hard\libc_nano.a(libc_a-fwalk.o)
                              C:/ST/STM32CubeIDE_1.16.1/STM32CubeIDE/plugins/com.st.stm32cube.ide.mcu.externaltools.gnu-tools-for-stm32.12.3.rel1.win32_1.0.200.202406191623/tools/bin/../lib/gcc/arm-none-eabi/12.3.1/../../../../arm-none-eabi/lib/thumb/v7e-m+fp/hard\libc_nano.a(libc_a-findfp.o) (_fwalk_sglue)
C:/ST/STM32CubeIDE_1.16.1/STM32CubeIDE/plugins/com.st.stm32cube.ide.mcu.externaltools.gnu-tools-for-stm32.12.3.rel1.win32_1.0.200.202406191623/tools/bin/../lib/gcc/arm-none-eabi/12.3.1/../../../../arm-none-eabi/lib/thumb/v7e-m+fp/hard\libc_nano.a(libc_a-stdio.o)
                              C:/ST/STM32CubeIDE_1.16.1/STM32CubeIDE/plugins/com.st.stm32cube.ide.mcu.externaltools.gnu-tools-for-stm32.12.3.rel1.win32_1.0.200.202406191623/tools/bin/../lib/gcc/arm-none-eabi/12.3.1/../../../../arm-none-eabi/lib/thumb/v7e-m+fp/hard\libc_nano.a(libc_a-findfp.o) (__sread)
C:/ST/STM32CubeIDE_1.16.1/STM32CubeIDE/plugins/com.st.stm32cube.ide.mcu.externaltools.gnu-tools-for-stm32.12.3.rel1.win32_1.0.200.202406191623/tools/bin/../lib/gcc/arm-none-eabi/12.3.1/../../../../arm-none-eabi/lib/thumb/v7e-m+fp/hard\libc_nano.a(libc_a-memset.o)
                              C:/ST/STM32CubeIDE_1.16.1/STM32CubeIDE/plugins/com.st.stm32cube.ide.mcu.externaltools.gnu-tools-for-stm32.12.3.rel1.win32_1.0.200.202406191623/tools/bin/../lib/gcc/arm-none-eabi/12.3.1/../../../../arm-none-eabi/lib/thumb/v7e-m+fp/hard/crt0.o (memset)
C:/ST/STM32CubeIDE_1.16.1/STM32CubeIDE/plugins/com.st.stm32cube.ide.mcu.externaltools.gnu-tools-for-stm32.12.3.rel1.win32_1.0.200.202406191623/tools/bin/../lib/gcc/arm-none-eabi/12.3.1/../../../../arm-none-eabi/lib/thumb/v7e-m+fp/hard\libc_nano.a(libc_a-closer.o)
                              C:/ST/STM32CubeIDE_1.16.1/STM32CubeIDE/plugins/com.st.stm32cube.ide.mcu.externaltools.gnu-tools-for-stm32.12.3.rel1.win32_1.0.200.202406191623/tools/bin/../lib/gcc/arm-none-eabi/12.3.1/../../../../arm-none-eabi/lib/thumb/v7e-m+fp/hard\libc_nano.a(libc_a-stdio.o) (_close_r)
C:/ST/STM32CubeIDE_1.16.1/STM32CubeIDE/plugins/com.st.stm32cube.ide.mcu.externaltools.gnu-tools-for-stm32.12.3.rel1.win32_1.0.200.202406191623/tools/bin/../lib/gcc/arm-none-eabi/12.3.1/../../../../arm-none-eabi/lib/thumb/v7e-m+fp/hard\libc_nano.a(libc_a-reent.o)
                              C:/ST/STM32CubeIDE_1.16.1/STM32CubeIDE/plugins/com.st.stm32cube.ide.mcu.externaltools.gnu-tools-for-stm32.12.3.rel1.win32_1.0.200.202406191623/tools/bin/../lib/gcc/arm-none-eabi/12.3.1/../../../../arm-none-eabi/lib/thumb/v7e-m+fp/hard\libc_nano.a(libc_a-closer.o) (errno)
C:/ST/STM32CubeIDE_1.16.1/STM32CubeIDE/plugins/com.st.stm32cube.ide.mcu.externaltools.gnu-tools-for-stm32.12.3.rel1.win32_1.0.200.202406191623/tools/bin/../lib/gcc/arm-none-eabi/12.3.1/../../../../arm-none-eabi/lib/thumb/v7e-m+fp/hard\libc_nano.a(libc_a-impure.o)
                              C:/ST/STM32CubeIDE_1.16.1/STM32CubeIDE/plugins/com.st.stm32cube.ide.mcu.externaltools.gnu-tools-for-stm32.12.3.rel1.win32_1.0.200.202406191623/tools/bin/../lib/gcc/arm-none-eabi/12.3.1/../../../../arm-none-eabi/lib/thumb/v7e-m+fp/hard\libc_nano.a(libc_a-reent.o) (_impure_ptr)
C:/ST/STM32CubeIDE_1.16.1/STM32CubeIDE/plugins/com.st.stm32cube.ide.mcu.externaltools.gnu-tools-for-stm32.12.3.rel1.win32_1.0.200.202406191623/tools/bin/../lib/gcc/arm-none-eabi/12.3.1/../../../../arm-none-eabi/lib/thumb/v7e-m+fp/hard\libc_nano.a(libc_a-lseekr.o)
[...]
Memory Configuration

Name             Origin             Length             Attributes
RAM              0x20000000         0x00020000         xrw
FLASH            0x08000000         0x00080000         xr
*default*        0x00000000         0xffffffff

Linker script and memory map

LOAD C:/ST/STM32CubeIDE_1.16.1/STM32CubeIDE/plugins/com.st.stm32cube.ide.mcu.externaltools.gnu-tools-for-stm32.12.3.rel1.win32_1.0.200.202406191623/tools/bin/../lib/gcc/arm-none-eabi/12.3.1/thumb/v7e-m+fp/hard/crti.o
LOAD C:/ST/STM32CubeIDE_1.16.1/STM32CubeIDE/plugins/com.st.stm32cube.ide.mcu.externaltools.gnu-tools-for-stm32.12.3.rel1.win32_1.0.200.202406191623/tools/bin/../lib/gcc/arm-none-eabi/12.3.1/thumb/v7e-m+fp/hard/crtbegin.o
LOAD C:/ST/STM32CubeIDE_1.16.1/STM32CubeIDE/plugins/com.st.stm32cube.ide.mcu.externaltools.gnu-tools-for-stm32.12.3.rel1.win32_1.0.200.202406191623/tools/bin/../lib/gcc/arm-none-eabi/12.3.1/../../../../arm-none-eabi/lib/thumb/v7e-m+fp/hard/crt0.o
LOAD ./Core/Src/end_eff_gpio.o
LOAD ./Core/Src/gpio.o
LOAD ./Core/Src/main.o
LOAD ./Core/Src/servo.o
LOAD ./Core/Src/stepper.o
LOAD ./Core/Src/stm32f4xx_hal_msp.o
LOAD ./Core/Src/stm32f4xx_it.o
LOAD ./Core/Src/syscalls.o
LOAD ./Core/Src/sysmem.o
LOAD ./Core/Src/system_stm32f4xx.o
LOAD ./Core/Src/tim.o
LOAD ./Core/Startup/startup_stm32f446retx.o
LOAD ./Drivers/STM32F4xx_HAL_Driver/Src/stm32f4xx_hal.o
LOAD ./Drivers/STM32F4xx_HAL_Driver/Src/stm32f4xx_hal_cortex.o
LOAD ./Drivers/STM32F4xx_HAL_Driver/Src/stm32f4xx_hal_dma.o
LOAD ./Drivers/STM32F4xx_HAL_Driver/Src/stm32f4xx_hal_dma_ex.o
LOAD ./Drivers/STM32F4xx_HAL_Driver/Src/stm32f4xx_hal_exti.o
LOAD ./Drivers/STM32F4xx_HAL_Driver/Src/stm32f4xx_hal_flash.o
LOAD ./Drivers/STM32F4xx_HAL_Driver/Src/stm32f4xx_hal_flash_ex.o
LOAD ./Drivers/STM32F4xx_HAL_Driver/Src/stm32f4xx_hal_flash_ramfunc.o
LOAD ./Drivers/STM32F4xx_HAL_Driver/Src/stm32f4xx_hal_gpio.o
LOAD ./Drivers/STM32F4xx_HAL_Driver/Src/stm32f4xx_hal_pwr.o
LOAD ./Drivers/STM32F4xx_HAL_Driver/Src/stm32f4xx_hal_pwr_ex.o
LOAD ./Drivers/STM32F4xx_HAL_Driver/Src/stm32f4xx_hal_rcc.o
LOAD ./Drivers/STM32F4xx_HAL_Driver/Src/stm32f4xx_hal_rcc_ex.o
LOAD ./Drivers/STM32F4xx_HAL_Driver/Src/stm32f4xx_hal_tim.o
LOAD ./Drivers/STM32F4xx_HAL_Driver/Src/stm32f4xx_hal_tim_ex.o
START GROUP
LOAD C:/ST/STM32CubeIDE_1.16.1/STM32CubeIDE/plugins/com.st.stm32cube.ide.mcu.externaltools.gnu-tools-for-stm32.12.3.rel1.win32_1.0.200.202406191623/tools/bin/../lib/gcc/arm-none-eabi/12.3.1/../../../../arm-none-eabi/lib/thumb/v7e-m+fp/hard\libc_nano.a
LOAD C:/ST/STM32CubeIDE_1.16.1/STM32CubeIDE/plugins/com.st.stm32cube.ide.mcu.externaltools.gnu-tools-for-stm32.12.3.rel1.win32_1.0.200.202406191623/tools/bin/../lib/gcc/arm-none-eabi/12.3.1/../../../../arm-none-eabi/lib/thumb/v7e-m+fp/hard\libm.a
END GROUP
START GROUP
LOAD C:/ST/STM32CubeIDE_1.16.1/STM32CubeIDE/plugins/com.st.stm32cube.ide.mcu.externaltools.gnu-tools-for-stm32.12.3.rel1.win32_1.0.200.202406191623/tools/bin/../lib/gcc/arm-none-eabi/12.3.1/thumb/v7e-m+fp/hard\libgcc.a
LOAD C:/ST/STM32CubeIDE_1.16.1/STM32CubeIDE/plugins/com.st.stm32cube.ide.mcu.externaltools.gnu-tools-for-stm32.12.3.rel1.win32_1.0.200.202406191623/tools/bin/../lib/gcc/arm-none-eabi/12.3.1/../../../../arm-none-eabi/lib/thumb/v7e-m+fp/hard\libc_nano.a
END GROUP
START GROUP
LOAD C:/ST/STM32CubeIDE_1.16.1/STM32CubeIDE/plugins/com.st.stm32cube.ide.mcu.externaltools.gnu-tools-for-stm32.12.3.rel1.win32_1.0.200.202406191623/tools/bin/../lib/gcc/arm-none-eabi/12.3.1/thumb/v7e-m+fp/hard\libgcc.a
LOAD C:/ST/STM32CubeIDE_1.16.1/STM32CubeIDE/plugins/com.st.stm32cube.ide.mcu.externaltools.gnu-tools-for-stm32.12.3.rel1.win32_1.0.200.202406191623/tools/bin/../lib/gcc/arm-none-eabi/12.3.1/../../../../arm-none-eabi/lib/thumb/v7e-m+fp/hard\libc_nano.a
LOAD C:/ST/STM32CubeIDE_1.16.1/STM32CubeIDE/plugins/com.st.stm32cube.ide.mcu.externaltools.gnu-tools-for-stm32.12.3.rel1.win32_1.0.200.202406191623/tools/bin/../lib/gcc/arm-none-eabi/12.3.1/../../../../arm-none-eabi/lib/thumb/v7e-m+fp/hard\libnosys.a
END GROUP
START GROUP
LOAD C:/ST/STM32CubeIDE_1.16.1/STM32CubeIDE/plugins/com.st.stm32cube.ide.mcu.externaltools.gnu-tools-for-stm32.12.3.rel1.win32_1.0.200.202406191623/tools/bin/../lib/gcc/arm-none-eabi/12.3.1/thumb/v7e-m+fp/hard\libgcc.a
LOAD C:/ST/STM32CubeIDE_1.16.1/STM32CubeIDE/plugins/com.st.stm32cube.ide.mcu.externaltools.gnu-tools-for-stm32.12.3.rel1.win32_1.0.200.202406191623/tools/bin/../lib/gcc/arm-none-eabi/12.3.1/../../../../arm-none-eabi/lib/thumb/v7e-m+fp/hard\libc_nano.a
LOAD C:/ST/STM32CubeIDE_1.16.1/STM32CubeIDE/plugins/com.st.stm32cube.ide.mcu.externaltools.gnu-tools-for-stm32.12.3.rel1.win32_1.0.200.202406191623/tools/bin/../lib/gcc/arm-none-eabi/12.3.1/../../../../arm-none-eabi/lib/thumb/v7e-m+fp/hard\libnosys.a
END GROUP
LOAD C:/ST/STM32CubeIDE_1.16.1/STM32CubeIDE/plugins/com.st.stm32cube.ide.mcu.externaltools.gnu-tools-for-stm32.12.3.rel1.win32_1.0.200.202406191623/tools/bin/../lib/gcc/arm-none-eabi/12.3.1/thumb/v7e-m+fp/hard/crtend.o
LOAD C:/ST/STM32CubeIDE_1.16.1/STM32CubeIDE/plugins/com.st.stm32cube.ide.mcu.externaltools.gnu-tools-for-stm32.12.3.rel1.win32_1.0.200.202406191623/tools/bin/../lib/gcc/arm-none-eabi/12.3.1/thumb/v7e-m+fp/hard/crtn.o
                0x20020000                        _estack = (ORIGIN (RAM) + LENGTH (RAM))
                0x00000200                        _Min_Heap_Size = 0x200
                0x00000400                        _Min_Stack_Size = 0x400

.isr_vector     0x08000000      0x1c4
                0x08000000                        . = ALIGN (0x4)
 *(.isr_vector)
 .isr_vector    0x08000000      0x1c4 ./Core/Startup/startup_stm32f446retx.o
                0x08000000                g_pfnVectors
                0x080001c4                        . = ALIGN (0x4)

.text           0x080001c4     0x45a0
                0x080001c4                        . = ALIGN (0x4)
 *(.text)
 .text          0x080001c4       0x40 C:/ST/STM32CubeIDE_1.16.1/STM32CubeIDE/plugins/com.st.stm32cube.ide.mcu.externaltools.gnu-tools-for-stm32.12.3.rel1.win32_1.0.200.202406191623/tools/bin/../lib/gcc/arm-none-eabi/12.3.1/thumb/v7e-m+fp/hard/crtbegin.o
 .text          0x08000204       0x30 C:/ST/STM32CubeIDE_1.16.1/STM32CubeIDE/plugins/com.st.stm32cube.ide.mcu.externaltools.gnu-tools-for-stm32.12.3.rel1.win32_1.0.200.202406191623/tools/bin/../lib/gcc/arm-none-eabi/12.3.1/thumb/v7e-m+fp/hard\libgcc.a(_aeabi_uldivmod.o)
                0x08000204                __aeabi_uldivmod
 .text          0x08000234      0x2bc C:/ST/STM32CubeIDE_1.16.1/STM32CubeIDE/plugins/com.st.stm32cube.ide.mcu.externaltools.gnu-tools-for-stm32.12.3.rel1.win32_1.0.200.202406191623/tools/bin/../lib/gcc/arm-none-eabi/12.3.1/thumb/v7e-m+fp/hard\libgcc.a(_udivmoddi4.o)
                0x08000234                __udivmoddi4
 .text          0x080004f0        0x4 C:/ST/STM32CubeIDE_1.16.1/STM32CubeIDE/plugins/com.st.stm32cube.ide.mcu.externaltools.gnu-tools-for-stm32.12.3.rel1.win32_1.0.200.202406191623/tools/bin/../lib/gcc/arm-none-eabi/12.3.1/thumb/v7e-m+fp/hard\libgcc.a(_dvmd_tls.o)
                0x080004f0                __aeabi_idiv0
                0x080004f0                __aeabi_ldiv0
 *(.text*)
 .text.MX_GPIO_Init
                0x080004f4      0x1c4 ./Core/Src/gpio.o
                0x080004f4                MX_GPIO_Init
 .text.trapezoidal_func
                0x080006b8      0x378 ./Core/Src/main.o
                0x080006b8                trapezoidal_func
 .text.HAL_TIM_PeriodElapsedCallback
                0x08000a30       0x14 ./Core/Src/main.o
                0x08000a30                HAL_TIM_PeriodElapsedCallback
 .text.HAL_TIM_PWM_PulseFinishedCallback
                0x08000a44       0x9c ./Core/Src/main.o
                0x08000a44                HAL_TIM_PWM_PulseFinishedCallback
 .text.main     0x08000ae0      0x1e8 ./Core/Src/main.o
                0x08000ae0                main
 .text.SystemClock_Config
                0x08000cc8       0xdc ./Core/Src/main.o
                0x08000cc8                SystemClock_Config
 .text.Error_Handler
                0x08000da4        0xc ./Core/Src/main.o
                0x08000da4                Error_Handler
 .text.servo_init
                0x08000db0       0x50 ./Core/Src/servo.o
                0x08000db0                servo_init
 .text.servo_move
                0x08000e00       0xa8 ./Core/Src/servo.o
                0x08000e00                servo_move
 .text.stepper_init
                0x08000ea8       0x74 ./Core/Src/stepper.o
                0x08000ea8                stepper_init
 .text.stepper_move
                0x08000f1c      0x200 ./Core/Src/stepper.o
                0x08000f1c                stepper_move
 .text.HAL_MspInit
                0x0800111c       0x50 ./Core/Src/stm32f4xx_hal_msp.o
                0x0800111c                HAL_MspInit
 .text.NMI_Handler
                0x0800116c        0x8 ./Core/Src/stm32f4xx_it.o
                0x0800116c                NMI_Handler
 .text.HardFault_Handler
                0x08001174        0x8 ./Core/Src/stm32f4xx_it.o
                0x08001174                HardFault_Handler
 .text.MemManage_Handler
                0x0800117c        0x8 ./Core/Src/stm32f4xx_it.o
                0x0800117c                MemManage_Handler
 .text.BusFault_Handler
                0x08001184        0x8 ./Core/Src/stm32f4xx_it.o
                0x08001184                BusFault_Handler
 .text.UsageFault_Handler
                0x0800118c        0x8 ./Core/Src/stm32f4xx_it.o
                0x0800118c                UsageFault_Handler
 .text.SVC_Handler
                0x08001194        0xe ./Core/Src/stm32f4xx_it.o
                0x08001194                SVC_Handler
 .text.DebugMon_Handler
                0x080011a2        0xe ./Core/Src/stm32f4xx_it.o
                0x080011a2                DebugMon_Handler
 .text.PendSV_Handler
                0x080011b0        0xe ./Core/Src/stm32f4xx_it.o
                0x080011b0                PendSV_Handler
 .text.SysTick_Handler
                0x080011be        0xc ./Core/Src/stm32f4xx_it.o
                0x080011be                SysTick_Handler
 *fill*         0x080011ca        0x2 
 .text.TIM1_CC_IRQHandler
                0x080011cc       0x14 ./Core/Src/stm32f4xx_it.o
                0x080011cc                TIM1_CC_IRQHandler
 .text.TIM2_IRQHandler
                0x080011e0       0x14 ./Core/Src/stm32f4xx_it.o
                0x080011e0                TIM2_IRQHandler
 .text.EXTI15_10_IRQHandler
                0x080011f4       0x10 ./Core/Src/stm32f4xx_it.o
                0x080011f4                EXTI15_10_IRQHandler
 .text.TIM8_BRK_TIM12_IRQHandler
                0x08001204       0x14 ./Core/Src/stm32f4xx_it.o
                0x08001204                TIM8_BRK_TIM12_IRQHandler
 .text.TIM8_UP_TIM13_IRQHandler
                0x08001218       0x14 ./Core/Src/stm32f4xx_it.o
                0x08001218                TIM8_UP_TIM13_IRQHandler
 .text.TIM8_TRG_COM_TIM14_IRQHandler
                0x0800122c       0x14 ./Core/Src/stm32f4xx_it.o
                0x0800122c                TIM8_TRG_COM_TIM14_IRQHandler
 .text.TIM8_CC_IRQHandler
                0x08001240       0x14 ./Core/Src/stm32f4xx_it.o
                0x08001240                TIM8_CC_IRQHandler
 .text.SystemInit
                0x08001254       0x24 ./Core/Src/system_stm32f4xx.o
                0x08001254                SystemInit
 .text.MX_TIM1_Init
                0x08001278      0x144 ./Core/Src/tim.o
                0x08001278                MX_TIM1_Init
 .text.MX_TIM2_Init
                0x080013bc      0x104 ./Core/Src/tim.o
                0x080013bc                MX_TIM2_Init
 .text.MX_TIM3_Init
                0x080014c0       0xc8 ./Core/Src/tim.o
                0x080014c0                MX_TIM3_Init
 .text.MX_TIM4_Init
                0x08001588       0xc8 ./Core/Src/tim.o
                0x08001588                MX_TIM4_Init
 .text.MX_TIM5_Init
                0x08001650       0xc8 ./Core/Src/tim.o
                0x08001650                MX_TIM5_Init
 .text.MX_TIM6_Init
                0x08001718       0x6c ./Core/Src/tim.o
                0x08001718                MX_TIM6_Init
 .text.MX_TIM8_Init
                0x08001784      0x144 ./Core/Src/tim.o
                0x08001784                MX_TIM8_Init
 .text.MX_TIM10_Init
                0x080018c8       0x9c ./Core/Src/tim.o
                0x080018c8                MX_TIM10_Init
 .text.MX_TIM11_Init
                0x08001964       0x9c ./Core/Src/tim.o
                0x08001964                MX_TIM11_Init
 .text.HAL_TIM_Base_MspInit
                0x08001a00      0x1fc ./Core/Src/tim.o
                0x08001a00                HAL_TIM_Base_MspInit
 .text.HAL_TIM_MspPostInit
                0x08001bfc      0x1ac ./Core/Src/tim.o
                0x08001bfc                HAL_TIM_MspPostInit
 .text.HAL_GPIO_EXTI_Callback
                0x08001da8       0x48 ./Core/Src/tim.o
                0x08001da8                HAL_GPIO_EXTI_Callback
 .text.Reset_Handler
                0x08001df0       0x50 ./Core/Startup/startup_stm32f446retx.o
                0x08001df0                Reset_Handler
 .text.Default_Handler
                0x08001e40        0x2 ./Core/Startup/startup_stm32f446retx.o
                0x08001e40                RTC_Alarm_IRQHandler
                0x08001e40                EXTI2_IRQHandler
                0x08001e40                FMPI2C1_EV_IRQHandler
                0x08001e40                SPI4_IRQHandler
                0x08001e40                DMA2_Stream5_IRQHandler
                0x08001e40                DMA1_Stream5_IRQHandler
                0x08001e40                PVD_IRQHandler
                0x08001e40                SDIO_IRQHandler
                0x08001e40                TAMP_STAMP_IRQHandler
                0x08001e40                CAN2_RX1_IRQHandler
                0x08001e40                EXTI3_IRQHandler
                0x08001e40                TIM1_UP_TIM10_IRQHandler
                0x08001e40                I2C3_ER_IRQHandler
                0x08001e40                EXTI0_IRQHandler
                0x08001e40                I2C2_EV_IRQHandler
                0x08001e40                DMA1_Stream2_IRQHandler
                0x08001e40                CAN1_RX0_IRQHandler
                0x08001e40                FPU_IRQHandler
                0x08001e40                OTG_HS_WKUP_IRQHandler
                0x08001e40                CAN2_SCE_IRQHandler
                0x08001e40                DMA2_Stream2_IRQHandler
                0x08001e40                SPI1_IRQHandler
                0x08001e40                TIM6_DAC_IRQHandler
                0x08001e40                TIM1_BRK_TIM9_IRQHandler
                0x08001e40                DCMI_IRQHandler
                0x08001e40                CAN2_RX0_IRQHandler
                0x08001e40                DMA2_Stream3_IRQHandler
                0x08001e40                SAI2_IRQHandler
                0x08001e40                USART6_IRQHandler
                0x08001e40                USART3_IRQHandler
                0x08001e40                CAN1_RX1_IRQHandler
                0x08001e40                UART5_IRQHandler
                0x08001e40                DMA2_Stream0_IRQHandler
                0x08001e40                TIM4_IRQHandler
                0x08001e40                QUADSPI_IRQHandler
                0x08001e40                I2C1_EV_IRQHandler
                0x08001e40                DMA1_Stream6_IRQHandler
                0x08001e40                DMA1_Stream1_IRQHandler
                0x08001e40                UART4_IRQHandler
                0x08001e40                TIM3_IRQHandler
                0x08001e40                RCC_IRQHandler
                0x08001e40                Default_Handler
                0x08001e40                CEC_IRQHandler
                0x08001e40                ADC_IRQHandler
                0x08001e40                DMA1_Stream7_IRQHandler
                0x08001e40                TIM7_IRQHandler
                0x08001e40                CAN2_TX_IRQHandler
                0x08001e40                TIM5_IRQHandler
                0x08001e40                DMA2_Stream7_IRQHandler
                0x08001e40                I2C3_EV_IRQHandler
                0x08001e40                EXTI9_5_IRQHandler
                0x08001e40                RTC_WKUP_IRQHandler
                0x08001e40                SPDIF_RX_IRQHandler
                0x08001e40                SPI2_IRQHandler
                0x08001e40                OTG_HS_EP1_IN_IRQHandler
                0x08001e40                DMA1_Stream0_IRQHandler
                0x08001e40                CAN1_TX_IRQHandler
                0x08001e40                FMPI2C1_ER_IRQHandler
                0x08001e40                EXTI4_IRQHandler
                0x08001e40                OTG_HS_EP1_OUT_IRQHandler
                0x08001e40                WWDG_IRQHandler
                0x08001e40                OTG_FS_WKUP_IRQHandler
                0x08001e40                TIM1_TRG_COM_TIM11_IRQHandler
                0x08001e40                OTG_HS_IRQHandler
                0x08001e40                EXTI1_IRQHandler
                0x08001e40                USART2_IRQHandler
                0x08001e40                I2C2_ER_IRQHandler
                0x08001e40                DMA2_Stream1_IRQHandler
                0x08001e40                CAN1_SCE_IRQHandler
                0x08001e40                FLASH_IRQHandler
                0x08001e40                DMA2_Stream4_IRQHandler
                0x08001e40                USART1_IRQHandler
                0x08001e40                OTG_FS_IRQHandler
                0x08001e40                SPI3_IRQHandler
                0x08001e40                DMA1_Stream4_IRQHandler
                0x08001e40                I2C1_ER_IRQHandler
                0x08001e40                FMC_IRQHandler
                0x08001e40                DMA2_Stream6_IRQHandler
                0x08001e40                SAI1_IRQHandler
                0x08001e40                DMA1_Stream3_IRQHandler
 *fill*         0x08001e42        0x2 
 .text.HAL_Init
                0x08001e44       0x44 ./Drivers/STM32F4xx_HAL_Driver/Src/stm32f4xx_hal.o
                0x08001e44                HAL_Init
 .text.HAL_InitTick
                0x08001e88       0x60 ./Drivers/STM32F4xx_HAL_Driver/Src/stm32f4xx_hal.o
                0x08001e88                HAL_InitTick
 .text.HAL_IncTick
                0x08001ee8       0x28 ./Drivers/STM32F4xx_HAL_Driver/Src/stm32f4xx_hal.o
                0x08001ee8                HAL_IncTick
 .text.HAL_GetTick
                0x08001f10       0x18 ./Drivers/STM32F4xx_HAL_Driver/Src/stm32f4xx_hal.o
                0x08001f10                HAL_GetTick
 .text.HAL_Delay
                0x08001f28       0x48 ./Drivers/STM32F4xx_HAL_Driver/Src/stm32f4xx_hal.o
                0x08001f28                HAL_Delay
 .text.__NVIC_SetPriorityGrouping
                0x08001f70       0x48 ./Drivers/STM32F4xx_HAL_Driver/Src/stm32f4xx_hal_cortex.o
 .text.__NVIC_GetPriorityGrouping
                0x08001fb8       0x1c ./Drivers/STM32F4xx_HAL_Driver/Src/stm32f4xx_hal_cortex.o
 .text.__NVIC_EnableIRQ
                0x08001fd4       0x3c ./Drivers/STM32F4xx_HAL_Driver/Src/stm32f4xx_hal_cortex.o
 .text.__NVIC_SetPriority
                0x08002010       0x54 ./Drivers/STM32F4xx_HAL_Driver/Src/stm32f4xx_hal_cortex.o
 .text.NVIC_EncodePriority
                0x08002064       0x66 ./Drivers/STM32F4xx_HAL_Driver/Src/stm32f4xx_hal_cortex.o
 *fill*         0x080020ca        0x2 
 .text.SysTick_Config
                0x080020cc       0x44 ./Drivers/STM32F4xx_HAL_Driver/Src/stm32f4xx_hal_cortex.o
 .text.HAL_NVIC_SetPriorityGrouping
                0x08002110       0x16 ./Drivers/STM32F4xx_HAL_Driver/Src/stm32f4xx_hal_cortex.o
                0x08002110                HAL_NVIC_SetPriorityGrouping
 .text.HAL_NVIC_SetPriority
                0x08002126       0x38 ./Drivers/STM32F4xx_HAL_Driver/Src/stm32f4xx_hal_cortex.o
                0x08002126                HAL_NVIC_SetPriority
 .text.HAL_NVIC_EnableIRQ
                0x0800215e       0x1c ./Drivers/STM32F4xx_HAL_Driver/Src/stm32f4xx_hal_cortex.o
                0x0800215e                HAL_NVIC_EnableIRQ
 .text.HAL_SYSTICK_Config
                0x0800217a       0x18 ./Drivers/STM32F4xx_HAL_Driver/Src/stm32f4xx_hal_cortex.o
                0x0800217a                HAL_SYSTICK_Config
 *fill*         0x08002192        0x2 
 .text.HAL_GPIO_Init
                0x08002194      0x328 ./Drivers/STM32F4xx_HAL_Driver/Src/stm32f4xx_hal_gpio.o
                0x08002194                HAL_GPIO_Init
 .text.HAL_GPIO_WritePin
                0x080024bc       0x32 ./Drivers/STM32F4xx_HAL_Driver/Src/stm32f4xx_hal_gpio.o
                0x080024bc                HAL_GPIO_WritePin
 *fill*         0x080024ee        0x2 
 .text.HAL_GPIO_EXTI_IRQHandler
                0x080024f0       0x30 ./Drivers/STM32F4xx_HAL_Driver/Src/stm32f4xx_hal_gpio.o
                0x080024f0                HAL_GPIO_EXTI_IRQHandler
 .text.HAL_RCC_ClockConfig
                0x08002520      0x1cc ./Drivers/STM32F4xx_HAL_Driver/Src/stm32f4xx_hal_rcc.o
                0x08002520                HAL_RCC_ClockConfig
 .text.HAL_RCC_GetHCLKFreq
                0x080026ec       0x18 ./Drivers/STM32F4xx_HAL_Driver/Src/stm32f4xx_hal_rcc.o
                0x080026ec                HAL_RCC_GetHCLKFreq
 .text.HAL_RCC_GetPCLK2Freq
                0x08002704       0x28 ./Drivers/STM32F4xx_HAL_Driver/Src/stm32f4xx_hal_rcc.o
                0x08002704                HAL_RCC_GetPCLK2Freq
 .text.HAL_RCC_GetSysClockFreq
                0x0800272c      0x460 ./Drivers/STM32F4xx_HAL_Driver/Src/stm32f4xx_hal_rcc_ex.o
                0x0800272c                HAL_RCC_GetSysClockFreq
 .text.HAL_RCC_OscConfig
                0x08002b8c      0x53c ./Drivers/STM32F4xx_HAL_Driver/Src/stm32f4xx_hal_rcc_ex.o
                0x08002b8c                HAL_RCC_OscConfig
 .text.HAL_TIM_Base_Init
                0x080030c8       0x9e ./Drivers/STM32F4xx_HAL_Driver/Src/stm32f4xx_hal_tim.o
                0x080030c8                HAL_TIM_Base_Init
 *fill*         0x08003166        0x2 
 .text.HAL_TIM_Base_Start
                0x08003168       0xd0 ./Drivers/STM32F4xx_HAL_Driver/Src/stm32f4xx_hal_tim.o
                0x08003168                HAL_TIM_Base_Start
 .text.HAL_TIM_PWM_Init
                0x08003238       0x9e ./Drivers/STM32F4xx_HAL_Driver/Src/stm32f4xx_hal_tim.o
                0x08003238                HAL_TIM_PWM_Init
 .text.HAL_TIM_PWM_MspInit
                0x080032d6       0x14 ./Drivers/STM32F4xx_HAL_Driver/Src/stm32f4xx_hal_tim.o
                0x080032d6                HAL_TIM_PWM_MspInit
 *fill*         0x080032ea        0x2 
 .text.HAL_TIM_PWM_Start
                0x080032ec      0x190 ./Drivers/STM32F4xx_HAL_Driver/Src/stm32f4xx_hal_tim.o
                0x080032ec                HAL_TIM_PWM_Start
 .text.HAL_TIM_PWM_Start_IT
                0x0800347c      0x22c ./Drivers/STM32F4xx_HAL_Driver/Src/stm32f4xx_hal_tim.o
                0x0800347c                HAL_TIM_PWM_Start_IT
 .text.HAL_TIM_PWM_Stop_IT
                0x080036a8      0x17c ./Drivers/STM32F4xx_HAL_Driver/Src/stm32f4xx_hal_tim.o
                0x080036a8                HAL_TIM_PWM_Stop_IT
 .text.HAL_TIM_IRQHandler
                0x08003824      0x1e0 ./Drivers/STM32F4xx_HAL_Driver/Src/stm32f4xx_hal_tim.o
                0x08003824                HAL_TIM_IRQHandler
 .text.HAL_TIM_PWM_ConfigChannel
                0x08003a04      0x184 ./Drivers/STM32F4xx_HAL_Driver/Src/stm32f4xx_hal_tim.o
                0x08003a04                HAL_TIM_PWM_ConfigChannel
 .text.HAL_TIM_ConfigClockSource
                0x08003b88      0x18e ./Drivers/STM32F4xx_HAL_Driver/Src/stm32f4xx_hal_tim.o
                0x08003b88                HAL_TIM_ConfigClockSource
 .text.HAL_TIM_SlaveConfigSynchro
                0x08003d16       0x84 ./Drivers/STM32F4xx_HAL_Driver/Src/stm32f4xx_hal_tim.o
                0x08003d16                HAL_TIM_SlaveConfigSynchro
 .text.HAL_TIM_OC_DelayElapsedCallback
                0x08003d9a       0x14 ./Drivers/STM32F4xx_HAL_Driver/Src/stm32f4xx_hal_tim.o
                0x08003d9a                HAL_TIM_OC_DelayElapsedCallback
 .text.HAL_TIM_IC_CaptureCallback
                0x08003dae       0x14 ./Drivers/STM32F4xx_HAL_Driver/Src/stm32f4xx_hal_tim.o
                0x08003dae                HAL_TIM_IC_CaptureCallback
 .text.HAL_TIM_TriggerCallback
                0x08003dc2       0x14 ./Drivers/STM32F4xx_HAL_Driver/Src/stm32f4xx_hal_tim.o
                0x08003dc2                HAL_TIM_TriggerCallback
 *fill*         0x08003dd6        0x2 
 .text.TIM_Base_SetConfig
                0x08003dd8      0x158 ./Drivers/STM32F4xx_HAL_Driver/Src/stm32f4xx_hal_tim.o
                0x08003dd8                TIM_Base_SetConfig
 .text.TIM_OC1_SetConfig
                0x08003f30       0xe0 ./Drivers/STM32F4xx_HAL_Driver/Src/stm32f4xx_hal_tim.o
 .text.TIM_OC2_SetConfig
                0x08004010       0xec ./Drivers/STM32F4xx_HAL_Driver/Src/stm32f4xx_hal_tim.o
                0x08004010                TIM_OC2_SetConfig
 .text.TIM_OC3_SetConfig
                0x080040fc       0xe8 ./Drivers/STM32F4xx_HAL_Driver/Src/stm32f4xx_hal_tim.o
 .text.TIM_OC4_SetConfig
                0x080041e4       0xac ./Drivers/STM32F4xx_HAL_Driver/Src/stm32f4xx_hal_tim.o
 .text.TIM_SlaveTimer_SetConfig
                0x08004290      0x122 ./Drivers/STM32F4xx_HAL_Driver/Src/stm32f4xx_hal_tim.o
 .text.TIM_TI1_ConfigInputStage
                0x080043b2       0x5e ./Drivers/STM32F4xx_HAL_Driver/Src/stm32f4xx_hal_tim.o
 .text.TIM_TI2_ConfigInputStage
                0x08004410       0x60 ./Drivers/STM32F4xx_HAL_Driver/Src/stm32f4xx_hal_tim.o
 .text.TIM_ITRx_SetConfig
                0x08004470       0x36 ./Drivers/STM32F4xx_HAL_Driver/Src/stm32f4xx_hal_tim.o
 .text.TIM_ETR_SetConfig
                0x080044a6       0x40 ./Drivers/STM32F4xx_HAL_Driver/Src/stm32f4xx_hal_tim.o
                0x080044a6                TIM_ETR_SetConfig
 .text.TIM_CCxChannelCmd
                0x080044e6       0x4a ./Drivers/STM32F4xx_HAL_Driver/Src/stm32f4xx_hal_tim.o
                0x080044e6                TIM_CCxChannelCmd
 .text.HAL_TIMEx_MasterConfigSynchronization
                0x08004530       0xf8 ./Drivers/STM32F4xx_HAL_Driver/Src/stm32f4xx_hal_tim_ex.o
                0x08004530                HAL_TIMEx_MasterConfigSynchronization
 .text.HAL_TIMEx_ConfigBreakDeadTime
                0x08004628       0xa4 ./Drivers/STM32F4xx_HAL_Driver/Src/stm32f4xx_hal_tim_ex.o
                0x08004628                HAL_TIMEx_ConfigBreakDeadTime
 .text.HAL_TIMEx_CommutCallback
                0x080046cc       0x14 ./Drivers/STM32F4xx_HAL_Driver/Src/stm32f4xx_hal_tim_ex.o
                0x080046cc                HAL_TIMEx_CommutCallback
 .text.HAL_TIMEx_BreakCallback
                0x080046e0       0x14 ./Drivers/STM32F4xx_HAL_Driver/Src/stm32f4xx_hal_tim_ex.o
                0x080046e0                HAL_TIMEx_BreakCallback
 .text.memset   0x080046f4       0x10 C:/ST/STM32CubeIDE_1.16.1/STM32CubeIDE/plugins/com.st.stm32cube.ide.mcu.externaltools.gnu-tools-for-stm32.12.3.rel1.win32_1.0.200.202406191623/tools/bin/../lib/gcc/arm-none-eabi/12.3.1/../../../../arm-none-eabi/lib/thumb/v7e-m+fp/hard\libc_nano.a(libc_a-memset.o)
                0x080046f4                memset
 .text.__libc_init_array
                0x08004704       0x48 C:/ST/STM32CubeIDE_1.16.1/STM32CubeIDE/plugins/com.st.stm32cube.ide.mcu.externaltools.gnu-tools-for-stm32.12.3.rel1.win32_1.0.200.202406191623/tools/bin/../lib/gcc/arm-none-eabi/12.3.1/../../../../arm-none-eabi/lib/thumb/v7e-m+fp/hard\libc_nano.a(libc_a-init.o)
                0x08004704                __libc_init_array
 *(.glue_7)
 .glue_7        0x0800474c        0x0 linker stubs
 *(.glue_7t)
 .glue_7t       0x0800474c        0x0 linker stubs
 *(.eh_frame)
 .eh_frame      0x0800474c        0x0 C:/ST/STM32CubeIDE_1.16.1/STM32CubeIDE/plugins/com.st.stm32cube.ide.mcu.externaltools.gnu-tools-for-stm32.12.3.rel1.win32_1.0.200.202406191623/tools/bin/../lib/gcc/arm-none-eabi/12.3.1/thumb/v7e-m+fp/hard/crtbegin.o
 *(.init)
 .init          0x0800474c        0x4 C:/ST/STM32CubeIDE_1.16.1/STM32CubeIDE/plugins/com.st.stm32cube.ide.mcu.externaltools.gnu-tools-for-stm32.12.3.rel1.win32_1.0.200.202406191623/tools/bin/../lib/gcc/arm-none-eabi/12.3.1/thumb/v7e-m+fp/hard/crti.o
                0x0800474c                _init
 .init          0x08004750        0x8 C:/ST/STM32CubeIDE_1.16.1/STM32CubeIDE/plugins/com.st.stm32cube.ide.mcu.externaltools.gnu-tools-for-stm32.12.3.rel1.win32_1.0.200.202406191623/tools/bin/../lib/gcc/arm-none-eabi/12.3.1/thumb/v7e-m+fp/hard/crtn.o
 *(.fini)
 .fini          0x08004758        0x4 C:/ST/STM32CubeIDE_1.16.1/STM32CubeIDE/plugins/com.st.stm32cube.ide.mcu.externaltools.gnu-tools-for-stm32.12.3.rel1.win32_1.0.200.202406191623/tools/bin/../lib/gcc/arm-none-eabi/12.3.1/thumb/v7e-m+fp/hard/crti.o
                0x08004758                _fini
 .fini          0x0800475c        0x8 C:/ST/STM32CubeIDE_1.16.1/STM32CubeIDE/plugins/com.st.stm32cube.ide.mcu.externaltools.gnu-tools-for-stm32.12.3.rel1.win32_1.0.200.202406191623/tools/bin/../lib/gcc/arm-none-eabi/12.3.1/thumb/v7e-m+fp/hard/crtn.o
                0x08004764                        . = ALIGN (0x4)
                0x08004764                        _etext = .

.vfp11_veneer   0x08004764        0x0
 .vfp11_veneer  0x08004764        0x0 linker stubs

.v4_bx          0x08004764        0x0
 .v4_bx         0x08004764        0x0 linker stubs

.iplt           0x08004764        0x0
 .iplt          0x08004764        0x0 C:/ST/STM32CubeIDE_1.16.1/STM32CubeIDE/plugins/com.st.stm32cube.ide.mcu.externaltools.gnu-tools-for-stm32.12.3.rel1.win32_1.0.200.202406191623/tools/bin/../lib/gcc/arm-none-eabi/12.3.1/thumb/v7e-m+fp/hard/crtbegin.o

.rodata         0x08004764       0x18
                0x08004764                        . = ALIGN (0x4)
 *(.rodata)
 *(.rodata*)
 .rodata.AHBPrescTable
                0x08004764       0x10 ./Core/Src/system_stm32f4xx.o
                0x08004764                AHBPrescTable
 .rodata.APBPrescTable
                0x08004774        0x8 ./Core/Src/system_stm32f4xx.o
                0x08004774                APBPrescTable
                0x0800477c                        . = ALIGN (0x4)

.ARM.extab      0x0800477c        0x0
                0x0800477c                        . = ALIGN (0x4)
 *(.ARM.extab* .gnu.linkonce.armextab.*)
                0x0800477c                        . = ALIGN (0x4)

.ARM            0x0800477c        0x8
                0x0800477c                        . = ALIGN (0x4)
                0x0800477c                        __exidx_start = .
 *(.ARM.exidx*)
 .ARM.exidx     0x0800477c        0x8 C:/ST/STM32CubeIDE_1.16.1/STM32CubeIDE/plugins/com.st.stm32cube.ide.mcu.externaltools.gnu-tools-for-stm32.12.3.rel1.win32_1.0.200.202406191623/tools/bin/../lib/gcc/arm-none-eabi/12.3.1/thumb/v7e-m+fp/hard\libgcc.a(_udivmoddi4.o)
                0x08004784                        __exidx_end = .
                0x08004784                        . = ALIGN (0x4)

.preinit_array  0x08004784        0x0
                0x08004784                        . = ALIGN (0x4)
                0x08004784                        PROVIDE (__preinit_array_start = .)
 *(.preinit_array*)
                0x08004784                        PROVIDE (__preinit_array_end = .)
                0x08004784                        . = ALIGN (0x4)

.init_array     0x08004784        0x4
                0x08004784                        . = ALIGN (0x4)
                0x08004784                        PROVIDE (__init_array_start = .)
 *(SORT_BY_NAME(.init_array.*))
 *(.init_array*)
 .init_array    0x08004784        0x4 C:/ST/STM32CubeIDE_1.16.1/STM32CubeIDE/plugins/com.st.stm32cube.ide.mcu.externaltools.gnu-tools-for-stm32.12.3.rel1.win32_1.0.200.202406191623/tools/bin/../lib/gcc/arm-none-eabi/12.3.1/thumb/v7e-m+fp/hard/crtbegin.o
                0x08004788                        PROVIDE (__init_array_end = .)
                0x08004788                        . = ALIGN (0x4)

.fini_array     0x08004788        0x4
                0x08004788                        . = ALIGN (0x4)
                [!provide]                        PROVIDE (__fini_array_start = .)
 *(SORT_BY_NAME(.fini_array.*))
 *(.fini_array*)
 .fini_array    0x08004788        0x4 C:/ST/STM32CubeIDE_1.16.1/STM32CubeIDE/plugins/com.st.stm32cube.ide.mcu.externaltools.gnu-tools-for-stm32.12.3.rel1.win32_1.0.200.202406191623/tools/bin/../lib/gcc/arm-none-eabi/12.3.1/thumb/v7e-m+fp/hard/crtbegin.o
                [!provide]                        PROVIDE (__fini_array_end = .)
                0x0800478c                        . = ALIGN (0x4)
                0x0800478c                        _sidata = LOADADDR (.data)

.rel.dyn        0x0800478c        0x0
 .rel.iplt      0x0800478c        0x0 C:/ST/STM32CubeIDE_1.16.1/STM32CubeIDE/plugins/com.st.stm32cube.ide.mcu.externaltools.gnu-tools-for-stm32.12.3.rel1.win32_1.0.200.202406191623/tools/bin/../lib/gcc/arm-none-eabi/12.3.1/thumb/v7e-m+fp/hard/crtbegin.o

.data           0x20000000       0x40 load address 0x0800478c
                0x20000000                        . = ALIGN (0x4)
                0x20000000                        _sdata = .
 *(.data)
 *(.data*)
 .data.arr_start
                0x20000000        0xc ./Core/Src/main.o
                0x20000000                arr_start
 .data.arr_max  0x2000000c        0xc ./Core/Src/main.o
                0x2000000c                arr_max
 .data.acc_rate_a
                0x20000018        0xc ./Core/Src/main.o
                0x20000018                acc_rate_a
 .data.arr_current
                0x20000024        0xc ./Core/Src/main.o
 .data.arr_des  0x20000030        0x4 ./Core/Src/stepper.o
 .data.SystemCoreClock
                0x20000034        0x4 ./Core/Src/system_stm32f4xx.o
                0x20000034                SystemCoreClock
 .data.uwTickPrio
                0x20000038        0x4 ./Drivers/STM32F4xx_HAL_Driver/Src/stm32f4xx_hal.o
                0x20000038                uwTickPrio
 .data.uwTickFreq
                0x2000003c        0x1 ./Drivers/STM32F4xx_HAL_Driver/Src/stm32f4xx_hal.o
                0x2000003c                uwTickFreq
 *(.RamFunc)
 *(.RamFunc*)
                0x20000040                        . = ALIGN (0x4)
 *fill*         0x2000003d        0x3 
                0x20000040                        _edata = .

.igot.plt       0x20000040        0x0 load address 0x080047cc
 .igot.plt      0x20000040        0x0 C:/ST/STM32CubeIDE_1.16.1/STM32CubeIDE/plugins/com.st.stm32cube.ide.mcu.externaltools.gnu-tools-for-stm32.12.3.rel1.win32_1.0.200.202406191623/tools/bin/../lib/gcc/arm-none-eabi/12.3.1/thumb/v7e-m+fp/hard/crtbegin.o
                0x20000040                        . = ALIGN (0x4)

.bss            0x20000040      0x374 load address 0x080047cc
                0x20000040                        _sbss = .
                0x20000040                        __bss_start__ = _sbss
 *(.bss)
 .bss           0x20000040       0x1c C:/ST/STM32CubeIDE_1.16.1/STM32CubeIDE/plugins/com.st.stm32cube.ide.mcu.externaltools.gnu-tools-for-stm32.12.3.rel1.win32_1.0.200.202406191623/tools/bin/../lib/gcc/arm-none-eabi/12.3.1/thumb/v7e-m+fp/hard/crtbegin.o
 *(.bss*)
 .bss.count_rising_edge
                0x2000005c        0xc ./Core/Src/main.o
 .bss.acc_count
                0x20000068        0xc ./Core/Src/main.o
                0x20000068                acc_count
 .bss.stp1      0x20000074       0x20 ./Core/Src/main.o
 .bss.stp2      0x20000094       0x20 ./Core/Src/main.o
 .bss.stp3      0x200000b4       0x20 ./Core/Src/main.o
 .bss.stp4      0x200000d4       0x20 ./Core/Src/main.o
 .bss.srv1      0x200000f4        0x8 ./Core/Src/main.o
 .bss.srv2      0x200000fc        0x8 ./Core/Src/main.o
 .bss.ccr       0x20000104        0x4 ./Core/Src/servo.o
                0x20000104                ccr
 .bss.n_steps_a
                0x20000108        0xc ./Core/Src/stepper.o
                0x20000108                n_steps_a
 .bss.arr_des_a
                0x20000114        0xc ./Core/Src/stepper.o
                0x20000114                arr_des_a
 .bss.flag_configured_timer2
                0x20000120        0x4 ./Core/Src/stepper.o
 .bss.freq_des_steps
                0x20000124        0x4 ./Core/Src/stepper.o
                0x20000124                freq_des_steps
 .bss.htim1     0x20000128       0x48 ./Core/Src/tim.o
                0x20000128                htim1
 .bss.htim2     0x20000170       0x48 ./Core/Src/tim.o
                0x20000170                htim2
 .bss.htim3     0x200001b8       0x48 ./Core/Src/tim.o
                0x200001b8                htim3
 .bss.htim4     0x20000200       0x48 ./Core/Src/tim.o
                0x20000200                htim4
 .bss.htim5     0x20000248       0x48 ./Core/Src/tim.o
                0x20000248                htim5
 .bss.htim6     0x20000290       0x48 ./Core/Src/tim.o
                0x20000290                htim6
 .bss.htim8     0x200002d8       0x48 ./Core/Src/tim.o
                0x200002d8                htim8
 .bss.htim10    0x20000320       0x48 ./Core/Src/tim.o
                0x20000320                htim10
 .bss.htim11    0x20000368       0x48 ./Core/Src/tim.o
                0x20000368                htim11
 .bss.uwTick    0x200003b0        0x4 ./Drivers/STM32F4xx_HAL_Driver/Src/stm32f4xx_hal.o
                0x200003b0                uwTick
 *(COMMON)
                0x200003b4                        . = ALIGN (0x4)
                0x200003b4                        _ebss = .
                0x200003b4                        __bss_end__ = _ebss

._user_heap_stack
                0x200003b4      0x604 load address 0x080047cc
                0x200003b8                        . = ALIGN (0x8)
 *fill*         0x200003b4        0x4 
                [!provide]                        PROVIDE (end = .)
                0x200003b8                        PROVIDE (_end = .)
                0x200005b8                        . = (. + _Min_Heap_Size)
 *fill*         0x200003b8      0x200 
                0x200009b8                        . = (. + _Min_Stack_Size)
 *fill*         0x200005b8      0x400 
                0x200009b8                        . = ALIGN (0x8)

/DISCARD/
 libc.a(*)
 libm.a(*)
 libgcc.a(*)

.ARM.attributes
                0x00000000       0x30
 *(.ARM.attributes)
 .ARM.attributes
                0x00000000       0x22 C:/ST/STM32CubeIDE_1.16.1/STM32CubeIDE/plugins/com.st.stm32cube.ide.mcu.externaltools.gnu-tools-for-stm32.12.3.rel1.win32_1.0.200.202406191623/tools/bin/../lib/gcc/arm-none-eabi/12.3.1/thumb/v7e-m+fp/hard/crti.o
 .ARM.attributes
                0x00000022       0x34 C:/ST/STM32CubeIDE_1.16.1/STM32CubeIDE/plugins/com.st.stm32cube.ide.mcu.externaltools.gnu-tools-for-stm32.12.3.rel1.win32_1.0.200.202406191623/tools/bin/../lib/gcc/arm-none-eabi/12.3.1/thumb/v7e-m+fp/hard/crtbegin.o
 .ARM.attributes
                0x00000056       0x34 ./Core/Src/gpio.o
 .ARM.attributes
                0x0000008a       0x34 ./Core/Src/main.o
 .ARM.attributes
                0x000000be       0x34 ./Core/Src/servo.o
 .ARM.attributes
                0x000000f2       0x34 ./Core/Src/stepper.o
 .ARM.attributes
                0x00000126       0x34 ./Core/Src/stm32f4xx_hal_msp.o
 .ARM.attributes
                0x0000015a       0x34 ./Core/Src/stm32f4xx_it.o
 .ARM.attributes
                0x0000018e       0x34 ./Core/Src/system_stm32f4xx.o
 .ARM.attributes
                0x000001c2       0x34 ./Core/Src/tim.o
 .ARM.attributes
                0x000001f6       0x21 ./Core/Startup/startup_stm32f446retx.o
 .ARM.attributes
                0x00000217       0x34 ./Drivers/STM32F4xx_HAL_Driver/Src/stm32f4xx_hal.o
 .ARM.attributes
                0x0000024b       0x34 ./Drivers/STM32F4xx_HAL_Driver/Src/stm32f4xx_hal_cortex.o
 .ARM.attributes
                0x0000027f       0x34 ./Drivers/STM32F4xx_HAL_Driver/Src/stm32f4xx_hal_gpio.o
 .ARM.attributes
                0x000002b3       0x34 ./Drivers/STM32F4xx_HAL_Driver/Src/stm32f4xx_hal_rcc.o
 .ARM.attributes
                0x000002e7       0x34 ./Drivers/STM32F4xx_HAL_Driver/Src/stm32f4xx_hal_rcc_ex.o
 .ARM.attributes
                0x0000031b       0x34 ./Drivers/STM32F4xx_HAL_Driver/Src/stm32f4xx_hal_tim.o
 .ARM.attributes
                0x0000034f       0x34 ./Drivers/STM32F4xx_HAL_Driver/Src/stm32f4xx_hal_tim_ex.o
 .ARM.attributes
                0x00000383       0x34 C:/ST/STM32CubeIDE_1.16.1/STM32CubeIDE/plugins/com.st.stm32cube.ide.mcu.externaltools.gnu-tools-for-stm32.12.3.rel1.win32_1.0.200.202406191623/tools/bin/../lib/gcc/arm-none-eabi/12.3.1/../../../../arm-none-eabi/lib/thumb/v7e-m+fp/hard\libc_nano.a(libc_a-memset.o)
 .ARM.attributes
                0x000003b7       0x34 C:/ST/STM32CubeIDE_1.16.1/STM32CubeIDE/plugins/com.st.stm32cube.ide.mcu.externaltools.gnu-tools-for-stm32.12.3.rel1.win32_1.0.200.202406191623/tools/bin/../lib/gcc/arm-none-eabi/12.3.1/../../../../arm-none-eabi/lib/thumb/v7e-m+fp/hard\libc_nano.a(libc_a-init.o)
 .ARM.attributes
                0x000003eb       0x22 C:/ST/STM32CubeIDE_1.16.1/STM32CubeIDE/plugins/com.st.stm32cube.ide.mcu.externaltools.gnu-tools-for-stm32.12.3.rel1.win32_1.0.200.202406191623/tools/bin/../lib/gcc/arm-none-eabi/12.3.1/thumb/v7e-m+fp/hard\libgcc.a(_aeabi_uldivmod.o)
 .ARM.attributes
                0x0000040d       0x34 C:/ST/STM32CubeIDE_1.16.1/STM32CubeIDE/plugins/com.st.stm32cube.ide.mcu.externaltools.gnu-tools-for-stm32.12.3.rel1.win32_1.0.200.202406191623/tools/bin/../lib/gcc/arm-none-eabi/12.3.1/thumb/v7e-m+fp/hard\libgcc.a(_udivmoddi4.o)
 .ARM.attributes
                0x00000441       0x22 C:/ST/STM32CubeIDE_1.16.1/STM32CubeIDE/plugins/com.st.stm32cube.ide.mcu.externaltools.gnu-tools-for-stm32.12.3.rel1.win32_1.0.200.202406191623/tools/bin/../lib/gcc/arm-none-eabi/12.3.1/thumb/v7e-m+fp/hard\libgcc.a(_dvmd_tls.o)
 .ARM.attributes
                0x00000463       0x22 C:/ST/STM32CubeIDE_1.16.1/STM32CubeIDE/plugins/com.st.stm32cube.ide.mcu.externaltools.gnu-tools-for-stm32.12.3.rel1.win32_1.0.200.202406191623/tools/bin/../lib/gcc/arm-none-eabi/12.3.1/thumb/v7e-m+fp/hard/crtn.o
OUTPUT(robotic_arm.elf elf32-littlearm)
LOAD linker stubs
LOAD C:/ST/STM32CubeIDE_1.16.1/STM32CubeIDE/plugins/com.st.stm32cube.ide.mcu.externaltools.gnu-tools-for-stm32.12.3.rel1.win32_1.0.200.202406191623/tools/bin/../lib/gcc/arm-none-eabi/12.3.1/../../../../arm-none-eabi/lib/thumb/v7e-m+fp/hard\libc.a
LOAD C:/ST/STM32CubeIDE_1.16.1/STM32CubeIDE/plugins/com.st.stm32cube.ide.mcu.externaltools.gnu-tools-for-stm32.12.3.rel1.win32_1.0.200.202406191623/tools/bin/../lib/gcc/arm-none-eabi/12.3.1/../../../../arm-none-eabi/lib/thumb/v7e-m+fp/hard\libm.a
LOAD C:/ST/STM32CubeIDE_1.16.1/STM32CubeIDE/plugins/com.st.stm32cube.ide.mcu.externaltools.gnu-tools-for-stm32.12.3.rel1.win32_1.0.200.202406191623/tools/bin/../lib/gcc/arm-none-eabi/12.3.1/thumb/v7e-m+fp/hard\libgcc.a

.debug_info     0x00000000     0xb9fe
 .debug_info    0x00000000      0x6c8 ./Core/Src/gpio.o
 .debug_info    0x000006c8      0xfb6 ./Core/Src/main.o
 .debug_info    0x0000167e      0x713 ./Core/Src/servo.o
 .debug_info    0x00001d91      0x98b ./Core/Src/stepper.o
 .debug_info    0x0000271c      0x2ac ./Core/Src/stm32f4xx_hal_msp.o
 .debug_info    0x000029c8      0x780 ./Core/Src/stm32f4xx_it.o
 .debug_info    0x00003148      0x54a ./Core/Src/system_stm32f4xx.o
 .debug_info    0x00003692     0x1434 ./Core/Src/tim.o
 .debug_info    0x00004ac6       0x30 ./Core/Startup/startup_stm32f446retx.o
 .debug_info    0x00004af6      0x99a ./Drivers/STM32F4xx_HAL_Driver/Src/stm32f4xx_hal.o
 .debug_info    0x00005490      0xdaa ./Drivers/STM32F4xx_HAL_Driver/Src/stm32f4xx_hal_cortex.o
 .debug_info    0x0000623a      0x70b ./Drivers/STM32F4xx_HAL_Driver/Src/stm32f4xx_hal_gpio.o
 .debug_info    0x00006945      0x8eb ./Drivers/STM32F4xx_HAL_Driver/Src/stm32f4xx_hal_rcc.o
 .debug_info    0x00007230      0x956 ./Drivers/STM32F4xx_HAL_Driver/Src/stm32f4xx_hal_rcc_ex.o
 .debug_info    0x00007b86     0x299d ./Drivers/STM32F4xx_HAL_Driver/Src/stm32f4xx_hal_tim.o
 .debug_info    0x0000a523     0x14db ./Drivers/STM32F4xx_HAL_Driver/Src/stm32f4xx_hal_tim_ex.o

.debug_abbrev   0x00000000     0x1ed0
 .debug_abbrev  0x00000000      0x174 ./Core/Src/gpio.o
 .debug_abbrev  0x00000174      0x290 ./Core/Src/main.o
 .debug_abbrev  0x00000404      0x1a4 ./Core/Src/servo.o
 .debug_abbrev  0x000005a8      0x20c ./Core/Src/stepper.o
 .debug_abbrev  0x000007b4       0xf4 ./Core/Src/stm32f4xx_hal_msp.o
 .debug_abbrev  0x000008a8      0x1c4 ./Core/Src/stm32f4xx_it.o
 .debug_abbrev  0x00000a6c      0x11a ./Core/Src/system_stm32f4xx.o
 .debug_abbrev  0x00000b86      0x265 ./Core/Src/tim.o
 .debug_abbrev  0x00000deb       0x24 ./Core/Startup/startup_stm32f446retx.o
 .debug_abbrev  0x00000e0f      0x214 ./Drivers/STM32F4xx_HAL_Driver/Src/stm32f4xx_hal.o
 .debug_abbrev  0x00001023      0x31d ./Drivers/STM32F4xx_HAL_Driver/Src/stm32f4xx_hal_cortex.o
 .debug_abbrev  0x00001340      0x1d4 ./Drivers/STM32F4xx_HAL_Driver/Src/stm32f4xx_hal_gpio.o
 .debug_abbrev  0x00001514      0x2b7 ./Drivers/STM32F4xx_HAL_Driver/Src/stm32f4xx_hal_rcc.o
 .debug_abbrev  0x000017cb      0x20a ./Drivers/STM32F4xx_HAL_Driver/Src/stm32f4xx_hal_rcc_ex.o
 .debug_abbrev  0x000019d5      0x278 ./Drivers/STM32F4xx_HAL_Driver/Src/stm32f4xx_hal_tim.o
 .debug_abbrev  0x00001c4d      0x283 ./Drivers/STM32F4xx_HAL_Driver/Src/stm32f4xx_hal_tim_ex.o

.debug_aranges  0x00000000      0xaf8
 .debug_aranges
                0x00000000       0x20 ./Core/Src/gpio.o
 .debug_aranges
                0x00000020       0x48 ./Core/Src/main.o
 .debug_aranges
                0x00000068       0x28 ./Core/Src/servo.o
 .debug_aranges
                0x00000090       0x30 ./Core/Src/stepper.o
 .debug_aranges
                0x000000c0       0x20 ./Core/Src/stm32f4xx_hal_msp.o
 .debug_aranges
                0x000000e0       0x98 ./Core/Src/stm32f4xx_it.o
 .debug_aranges
                0x00000178       0x28 ./Core/Src/system_stm32f4xx.o
 .debug_aranges
                0x000001a0       0x80 ./Core/Src/tim.o
 .debug_aranges
                0x00000220       0x28 ./Core/Startup/startup_stm32f446retx.o
 .debug_aranges
                0x00000248       0xf0 ./Drivers/STM32F4xx_HAL_Driver/Src/stm32f4xx_hal.o
 .debug_aranges
                0x00000338      0x130 ./Drivers/STM32F4xx_HAL_Driver/Src/stm32f4xx_hal_cortex.o
 .debug_aranges
                0x00000468       0x58 ./Drivers/STM32F4xx_HAL_Driver/Src/stm32f4xx_hal_gpio.o
 .debug_aranges
                0x000004c0       0x88 ./Drivers/STM32F4xx_HAL_Driver/Src/stm32f4xx_hal_rcc.o
 .debug_aranges
                0x00000548       0x78 ./Drivers/STM32F4xx_HAL_Driver/Src/stm32f4xx_hal_rcc_ex.o
 .debug_aranges
                0x000005c0      0x3d0 ./Drivers/STM32F4xx_HAL_Driver/Src/stm32f4xx_hal_tim.o
 .debug_aranges
                0x00000990      0x168 ./Drivers/STM32F4xx_HAL_Driver/Src/stm32f4xx_hal_tim_ex.o

.debug_rnglists
                0x00000000      0x86d
 .debug_rnglists
                0x00000000       0x14 ./Core/Src/gpio.o
 .debug_rnglists
                0x00000014       0x35 ./Core/Src/main.o
 .debug_rnglists
                0x00000049       0x1a ./Core/Src/servo.o
 .debug_rnglists
                0x00000063       0x20 ./Core/Src/stepper.o
 .debug_rnglists
                0x00000083       0x13 ./Core/Src/stm32f4xx_hal_msp.o
 .debug_rnglists
                0x00000096       0x6d ./Core/Src/stm32f4xx_it.o
 .debug_rnglists
                0x00000103       0x1a ./Core/Src/system_stm32f4xx.o
 .debug_rnglists
                0x0000011d       0x66 ./Core/Src/tim.o
 .debug_rnglists
                0x00000183       0x19 ./Core/Startup/startup_stm32f446retx.o
 .debug_rnglists
                0x0000019c       0xaf ./Drivers/STM32F4xx_HAL_Driver/Src/stm32f4xx_hal.o
 .debug_rnglists
                0x0000024b       0xe0 ./Drivers/STM32F4xx_HAL_Driver/Src/stm32f4xx_hal_cortex.o
 .debug_rnglists
                0x0000032b       0x3f ./Drivers/STM32F4xx_HAL_Driver/Src/stm32f4xx_hal_gpio.o
 .debug_rnglists
                0x0000036a       0x66 ./Drivers/STM32F4xx_HAL_Driver/Src/stm32f4xx_hal_rcc.o
 .debug_rnglists
                0x000003d0       0x5e ./Drivers/STM32F4xx_HAL_Driver/Src/stm32f4xx_hal_rcc_ex.o
 .debug_rnglists
                0x0000042e      0x31a ./Drivers/STM32F4xx_HAL_Driver/Src/stm32f4xx_hal_tim.o
 .debug_rnglists
                0x00000748      0x125 ./Drivers/STM32F4xx_HAL_Driver/Src/stm32f4xx_hal_tim_ex.o

.debug_macro    0x00000000     0x1c45
 .debug_macro   0x00000000      0x1dd ./Core/Src/gpio.o
 .debug_macro   0x000001dd      0x21b ./Core/Src/main.o
 .debug_macro   0x000003f8       0x1c ./Core/Src/main.o
 .debug_macro   0x00000414       0x40 ./Core/Src/main.o
 .debug_macro   0x00000454      0x1dc ./Core/Src/servo.o
 .debug_macro   0x00000630      0x1dd ./Core/Src/stepper.o
 .debug_macro   0x0000080d      0x1d3 ./Core/Src/stm32f4xx_hal_msp.o
 .debug_macro   0x000009e0      0x1dd ./Core/Src/stm32f4xx_it.o
 .debug_macro   0x00000bbd      0x1c4 ./Core/Src/system_stm32f4xx.o
 .debug_macro   0x00000d81      0x1dd ./Core/Src/tim.o
 .debug_macro   0x00000f5e      0x224 ./Drivers/STM32F4xx_HAL_Driver/Src/stm32f4xx_hal.o
 .debug_macro   0x00001182      0x1c4 ./Drivers/STM32F4xx_HAL_Driver/Src/stm32f4xx_hal_cortex.o
 .debug_macro   0x00001346      0x1ca ./Drivers/STM32F4xx_HAL_Driver/Src/stm32f4xx_hal_gpio.o
 .debug_macro   0x00001510      0x1e8 ./Drivers/STM32F4xx_HAL_Driver/Src/stm32f4xx_hal_rcc.o
 .debug_macro   0x000016f8      0x1c4 ./Drivers/STM32F4xx_HAL_Driver/Src/stm32f4xx_hal_rcc_ex.o
 .debug_macro   0x000018bc      0x1c5 ./Drivers/STM32F4xx_HAL_Driver/Src/stm32f4xx_hal_tim.o
 .debug_macro   0x00001a81      0x1c4 ./Drivers/STM32F4xx_HAL_Driver/Src/stm32f4xx_hal_tim_ex.o

.debug_line     0x00000000     0xdd32
 .debug_line    0x00000000      0x7a7 ./Core/Src/gpio.o
 .debug_line    0x000007a7      0xa34 ./Core/Src/main.o
 .debug_line    0x000011db      0x789 ./Core/Src/servo.o
 .debug_line    0x00001964      0x80b ./Core/Src/stepper.o
 .debug_line    0x0000216f      0x738 ./Core/Src/stm32f4xx_hal_msp.o
 .debug_line    0x000028a7      0x8a1 ./Core/Src/stm32f4xx_it.o
 .debug_line    0x00003148      0x7bb ./Core/Src/system_stm32f4xx.o
 .debug_line    0x00003903      0xd17 ./Core/Src/tim.o
 .debug_line    0x0000461a       0x7a ./Core/Startup/startup_stm32f446retx.o
 .debug_line    0x00004694      0xa24 ./Drivers/STM32F4xx_HAL_Driver/Src/stm32f4xx_hal.o
 .debug_line    0x000050b8      0xd16 ./Drivers/STM32F4xx_HAL_Driver/Src/stm32f4xx_hal_cortex.o
 .debug_line    0x00005dce      0xb9c ./Drivers/STM32F4xx_HAL_Driver/Src/stm32f4xx_hal_gpio.o
 .debug_line    0x0000696a      0xdbb ./Drivers/STM32F4xx_HAL_Driver/Src/stm32f4xx_hal_rcc.o
 .debug_line    0x00007725     0x142b ./Drivers/STM32F4xx_HAL_Driver/Src/stm32f4xx_hal_rcc_ex.o
 .debug_line    0x00008b50     0x37c8 ./Drivers/STM32F4xx_HAL_Driver/Src/stm32f4xx_hal_tim.o
 .debug_line    0x0000c318     0x1a1a ./Drivers/STM32F4xx_HAL_Driver/Src/stm32f4xx_hal_tim_ex.o

.debug_str      0x00000000    0xcb178
 .debug_str     0x00000000    0xc7fe9 ./Core/Src/gpio.o
                              0xc82b4 (size before relaxing)
 .debug_str     0x000c7fe9      0xa3c ./Core/Src/main.o
                              0xc87a7 (size before relaxing)
 .debug_str     0x000c8a25       0x6f ./Core/Src/servo.o
                              0xc8124 (size before relaxing)
 .debug_str     0x000c8a94       0x9a ./Core/Src/stepper.o
                              0xc8284 (size before relaxing)
 .debug_str     0x000c8b2e       0x49 ./Core/Src/stm32f4xx_hal_msp.o
                              0xc7c93 (size before relaxing)
 .debug_str     0x000c8b77      0x191 ./Core/Src/stm32f4xx_it.o
                              0xc8204 (size before relaxing)
 .debug_str     0x000c8d08       0xdb ./Core/Src/system_stm32f4xx.o
                              0xc798a (size before relaxing)
 .debug_str     0x000c8de3      0x336 ./Core/Src/tim.o
                              0xc8c26 (size before relaxing)
 .debug_str     0x000c9119       0x44 ./Core/Startup/startup_stm32f446retx.o
                                 0x83 (size before relaxing)
 .debug_str     0x000c915d      0x5f0 ./Drivers/STM32F4xx_HAL_Driver/Src/stm32f4xx_hal.o
                              0xc854f (size before relaxing)
 .debug_str     0x000c974d      0x370 ./Drivers/STM32F4xx_HAL_Driver/Src/stm32f4xx_hal_cortex.o
                              0xc82a6 (size before relaxing)
 .debug_str     0x000c9abd       0xf8 ./Drivers/STM32F4xx_HAL_Driver/Src/stm32f4xx_hal_gpio.o
                              0xc7b05 (size before relaxing)
 .debug_str     0x000c9bb5      0x21e ./Drivers/STM32F4xx_HAL_Driver/Src/stm32f4xx_hal_rcc.o
                              0xc7dc3 (size before relaxing)
 .debug_str     0x000c9dd3      0x324 ./Drivers/STM32F4xx_HAL_Driver/Src/stm32f4xx_hal_rcc_ex.o
                              0xc7df6 (size before relaxing)
 .debug_str     0x000ca0f7      0xca0 ./Drivers/STM32F4xx_HAL_Driver/Src/stm32f4xx_hal_tim.o
                              0xc8cef (size before relaxing)
 .debug_str     0x000cad97      0x3e1 ./Drivers/STM32F4xx_HAL_Driver/Src/stm32f4xx_hal_tim_ex.o
                              0xc84fb (size before relaxing)

.comment        0x00000000       0x43
 .comment       0x00000000       0x43 ./Core/Src/gpio.o
                                 0x44 (size before relaxing)
 .comment       0x00000043       0x44 ./Core/Src/main.o
 .comment       0x00000043       0x44 ./Core/Src/servo.o
 .comment       0x00000043       0x44 ./Core/Src/stepper.o
 .comment       0x00000043       0x44 ./Core/Src/stm32f4xx_hal_msp.o
 .comment       0x00000043       0x44 ./Core/Src/stm32f4xx_it.o
 .comment       0x00000043       0x44 ./Core/Src/system_stm32f4xx.o
 .comment       0x00000043       0x44 ./Core/Src/tim.o
 .comment       0x00000043       0x44 ./Drivers/STM32F4xx_HAL_Driver/Src/stm32f4xx_hal.o
 .comment       0x00000043       0x44 ./Drivers/STM32F4xx_HAL_Driver/Src/stm32f4xx_hal_cortex.o
 .comment       0x00000043       0x44 ./Drivers/STM32F4xx_HAL_Driver/Src/stm32f4xx_hal_gpio.o
 .comment       0x00000043       0x44 ./Drivers/STM32F4xx_HAL_Driver/Src/stm32f4xx_hal_rcc.o
 .comment       0x00000043       0x44 ./Drivers/STM32F4xx_HAL_Driver/Src/stm32f4xx_hal_rcc_ex.o
 .comment       0x00000043       0x44 ./Drivers/STM32F4xx_HAL_Driver/Src/stm32f4xx_hal_tim.o
 .comment       0x00000043       0x44 ./Drivers/STM32F4xx_HAL_Driver/Src/stm32f4xx_hal_tim_ex.o

.debug_frame    0x00000000     0x2c74
 .debug_frame   0x00000000       0x34 ./Core/Src/gpio.o
 .debug_frame   0x00000034       0xe0 ./Core/Src/main.o
 .debug_frame   0x00000114       0x5c ./Core/Src/servo.o
 .debug_frame   0x00000170       0x84 ./Core/Src/stepper.o
 .debug_frame   0x000001f4       0x34 ./Core/Src/stm32f4xx_hal_msp.o
 .debug_frame   0x00000228      0x1c8 ./Core/Src/stm32f4xx_it.o
 .debug_frame   0x000003f0       0x58 ./Core/Src/system_stm32f4xx.o
 .debug_frame   0x00000448      0x1e4 ./Core/Src/tim.o
 .debug_frame   0x0000062c      0x374 ./Drivers/STM32F4xx_HAL_Driver/Src/stm32f4xx_hal.o
 .debug_frame   0x000009a0      0x508 ./Drivers/STM32F4xx_HAL_Driver/Src/stm32f4xx_hal_cortex.o
 .debug_frame   0x00000ea8      0x14c ./Drivers/STM32F4xx_HAL_Driver/Src/stm32f4xx_hal_gpio.o
 .debug_frame   0x00000ff4      0x1f4 ./Drivers/STM32F4xx_HAL_Driver/Src/stm32f4xx_hal_rcc.o
 .debug_frame   0x000011e8      0x1e8 ./Drivers/STM32F4xx_HAL_Driver/Src/stm32f4xx_hal_rcc_ex.o
 .debug_frame   0x000013d0     0x11c0 ./Drivers/STM32F4xx_HAL_Driver/Src/stm32f4xx_hal_tim.o
 .debug_frame   0x00002590      0x638 ./Drivers/STM32F4xx_HAL_Driver/Src/stm32f4xx_hal_tim_ex.o
 .debug_frame   0x00002bc8       0x20 C:/ST/STM32CubeIDE_1.16.1/STM32CubeIDE/plugins/com.st.stm32cube.ide.mcu.externaltools.gnu-tools-for-stm32.12.3.rel1.win32_1.0.200.202406191623/tools/bin/../lib/gcc/arm-none-eabi/12.3.1/../../../../arm-none-eabi/lib/thumb/v7e-m+fp/hard\libc_nano.a(libc_a-memset.o)
 .debug_frame   0x00002be8       0x2c C:/ST/STM32CubeIDE_1.16.1/STM32CubeIDE/plugins/com.st.stm32cube.ide.mcu.externaltools.gnu-tools-for-stm32.12.3.rel1.win32_1.0.200.202406191623/tools/bin/../lib/gcc/arm-none-eabi/12.3.1/../../../../arm-none-eabi/lib/thumb/v7e-m+fp/hard\libc_nano.a(libc_a-init.o)
 .debug_frame   0x00002c14       0x2c C:/ST/STM32CubeIDE_1.16.1/STM32CubeIDE/plugins/com.st.stm32cube.ide.mcu.externaltools.gnu-tools-for-stm32.12.3.rel1.win32_1.0.200.202406191623/tools/bin/../lib/gcc/arm-none-eabi/12.3.1/thumb/v7e-m+fp/hard\libgcc.a(_aeabi_uldivmod.o)
 .debug_frame   0x00002c40       0x34 C:/ST/STM32CubeIDE_1.16.1/STM32CubeIDE/plugins/com.st.stm32cube.ide.mcu.externaltools.gnu-tools-for-stm32.12.3.rel1.win32_1.0.200.202406191623/tools/bin/../lib/gcc/arm-none-eabi/12.3.1/thumb/v7e-m+fp/hard\libgcc.a(_udivmoddi4.o)

.debug_line_str
                0x00000000       0x67
 .debug_line_str
                0x00000000       0x67 ./Core/Startup/startup_stm32f446retx.o
