../Core/Src/tim.c:40:6:MX_TIM1_Init	96	static
../Core/Src/tim.c:110:6:MX_TIM2_Init	64	static
../Core/Src/tim.c:168:6:MX_TIM3_Init	56	static
../Core/Src/tim.c:215:6:MX_TIM4_Init	56	static
../Core/Src/tim.c:262:6:MX_TIM5_Init	56	static
../Core/Src/tim.c:309:6:MX_TIM8_Init	96	static
../Core/Src/tim.c:379:6:MX_TIM10_Init	8	static
../Core/Src/tim.c:405:6:MX_TIM11_Init	8	static
../Core/Src/tim.c:431:6:HAL_TIM_Base_MspInit	48	static
../Core/Src/tim.c:557:6:HAL_TIM_MspPostInit	48	static
../Core/Src/tim.c:627:6:HAL_TIM_Base_MspDeInit	16	static
../Core/Src/tim.c:779:6:HAL_TIM_PeriodElapsedCallback	16	static
../Core/Src/tim.c:807:6:TIM_Cmd	16	static
../Core/Src/tim.c:857:6:HAL_TIM_PWM_PulseFinishedCallback	16	static
../Core/Src/tim.c:938:6:HAL_GPIO_EXTI_Callback	16	static,ignoring_inline_asm
