../Core/Src/tim.c:42:6:MX_TIM1_Init	96	static
../Core/Src/tim.c:108:6:MX_TIM2_Init	64	static
../Core/Src/tim.c:162:6:MX_TIM3_Init	56	static
../Core/Src/tim.c:205:6:MX_TIM4_Init	56	static
../Core/Src/tim.c:248:6:MX_TIM5_Init	56	static
../Core/Src/tim.c:291:6:MX_TIM8_Init	96	static
../Core/Src/tim.c:357:6:MX_TIM10_Init	8	static
../Core/Src/tim.c:381:6:MX_TIM11_Init	8	static
../Core/Src/tim.c:405:6:HAL_TIM_Base_MspInit	48	static
../Core/Src/tim.c:515:6:HAL_TIM_MspPostInit	48	static
../Core/Src/tim.c:579:6:HAL_TIM_Base_MspDeInit	16	static
../Core/Src/tim.c:715:6:HAL_TIM_PeriodElapsedCallback	16	static
../Core/Src/tim.c:743:6:TIM_Cmd	16	static
../Core/Src/tim.c:760:6:HAL_TIM_PWM_PulseFinishedCallback	16	static
../Core/Src/tim.c:838:6:HAL_GPIO_EXTI_Callback	16	static,ignoring_inline_asm
